// Jest Snapshot v1, https://goo.gl/fbAQLP

exports[`AtSearchBar Snap render AtSearchBar -- props actionName 1`] = `"<div class=\\"at-search-bar\\"><div class=\\"at-search-bar__container\\"><div style=\\"width:100%;\\" class=\\"at-search-bar__placeholder_wrap\\"><span style=\\"font-size:15px;color:#999;\\" class=\\"taro-text at-icon at-icon-search\\"></span><span style=\\"visibility: visible;\\" class=\\"taro-text at-search-bar__placeholder\\"></span></div><input value=\\"\\" maxlength=\\"120\\" class=\\"weui-input at-search-bar__input\\" type=\\"search\\"/><div style=\\"display: none;\\" class=\\"at-search-bar__clear\\"><span style=\\"font-size:15px;color:#999;\\" class=\\"taro-text at-icon at-icon-close-circle\\"></span></div></div><div style=\\"opacity:0;margin-right:-147px;\\" class=\\"at-search-bar__action\\">actionName</div></div>"`;

exports[`AtSearchBar Snap render AtSearchBar -- props disabled 1`] = `"<div class=\\"at-search-bar at-search-bar--fixed\\"><div class=\\"at-search-bar__container\\"><div style=\\"width:100%;\\" class=\\"at-search-bar__placeholder_wrap\\"><span style=\\"font-size:15px;color:#999;\\" class=\\"taro-text at-icon at-icon-search\\"></span><span style=\\"visibility: visible;\\" class=\\"taro-text at-search-bar__placeholder\\"></span></div><input value=\\"\\" maxlength=\\"120\\" class=\\"weui-input at-search-bar__input\\" type=\\"search\\"/><div style=\\"display: none;\\" class=\\"at-search-bar__clear\\"><span style=\\"font-size:15px;color:#999;\\" class=\\"taro-text at-icon at-icon-close-circle\\"></span></div></div><div style=\\"opacity:0;margin-right:-35px;\\" class=\\"at-search-bar__action\\">取消</div></div>"`;

exports[`AtSearchBar Snap render AtSearchBar -- props disabled 2`] = `"<div class=\\"at-search-bar\\"><div class=\\"at-search-bar__container\\"><div style=\\"width:100%;\\" class=\\"at-search-bar__placeholder_wrap\\"><span style=\\"font-size:15px;color:#999;\\" class=\\"taro-text at-icon at-icon-search\\"></span><span style=\\"visibility: visible;\\" class=\\"taro-text at-search-bar__placeholder\\"></span></div><input value=\\"\\" maxlength=\\"120\\" class=\\"weui-input at-search-bar__input\\" disabled type=\\"search\\"/><div style=\\"display: none;\\" class=\\"at-search-bar__clear\\"><span style=\\"font-size:15px;color:#999;\\" class=\\"taro-text at-icon at-icon-close-circle\\"></span></div></div><div style=\\"opacity:0;margin-right:-35px;\\" class=\\"at-search-bar__action\\">取消</div></div>"`;

exports[`AtSearchBar Snap render AtSearchBar -- props focus 1`] = `"<div class=\\"at-search-bar\\"><div class=\\"at-search-bar__container\\"><div style=\\"width:28px;\\" class=\\"at-search-bar__placeholder_wrap\\"><span style=\\"font-size:15px;color:#999;\\" class=\\"taro-text at-icon at-icon-search\\"></span><span style=\\"visibility: visible;\\" class=\\"taro-text at-search-bar__placeholder\\"></span></div><input value=\\"\\" focus maxlength=\\"120\\" class=\\"weui-input at-search-bar__input\\" type=\\"search\\"/><div style=\\"display: none;\\" class=\\"at-search-bar__clear\\"><span style=\\"font-size:15px;color:#999;\\" class=\\"taro-text at-icon at-icon-close-circle\\"></span></div></div><div style=\\"opacity:1;margin-right:0;\\" class=\\"at-search-bar__action\\">取消</div></div>"`;

exports[`AtSearchBar Snap render AtSearchBar -- props maxlength 1`] = `"<div class=\\"at-search-bar\\"><div class=\\"at-search-bar__container\\"><div style=\\"width:100%;\\" class=\\"at-search-bar__placeholder_wrap\\"><span style=\\"font-size:15px;color:#999;\\" class=\\"taro-text at-icon at-icon-search\\"></span><span style=\\"visibility: visible;\\" class=\\"taro-text at-search-bar__placeholder\\"></span></div><input value=\\"\\" maxlength=\\"120\\" class=\\"weui-input at-search-bar__input\\" type=\\"search\\"/><div style=\\"display: none;\\" class=\\"at-search-bar__clear\\"><span style=\\"font-size:15px;color:#999;\\" class=\\"taro-text at-icon at-icon-close-circle\\"></span></div></div><div style=\\"opacity:0;margin-right:-35px;\\" class=\\"at-search-bar__action\\">取消</div></div>"`;

exports[`AtSearchBar Snap render AtSearchBar -- props placeholder 1`] = `"<div class=\\"at-search-bar\\"><div class=\\"at-search-bar__container\\"><div style=\\"width:100%;\\" class=\\"at-search-bar__placeholder_wrap\\"><span style=\\"font-size:15px;color:#999;\\" class=\\"taro-text at-icon at-icon-search\\"></span><span style=\\"visibility: visible;\\" class=\\"taro-text at-search-bar__placeholder\\">placeholder</span></div><input value=\\"\\" maxlength=\\"120\\" class=\\"weui-input at-search-bar__input\\" type=\\"search\\"/><div style=\\"display: none;\\" class=\\"at-search-bar__clear\\"><span style=\\"font-size:15px;color:#999;\\" class=\\"taro-text at-icon at-icon-close-circle\\"></span></div></div><div style=\\"opacity:0;margin-right:-35px;\\" class=\\"at-search-bar__action\\">取消</div></div>"`;

exports[`AtSearchBar Snap render AtSearchBar -- props showActionButton 1`] = `"<div class=\\"at-search-bar\\"><div class=\\"at-search-bar__container\\"><div style=\\"width:100%;\\" class=\\"at-search-bar__placeholder_wrap\\"><span style=\\"font-size:15px;color:#999;\\" class=\\"taro-text at-icon at-icon-search\\"></span><span style=\\"visibility: visible;\\" class=\\"taro-text at-search-bar__placeholder\\"></span></div><input value=\\"\\" maxlength=\\"120\\" class=\\"weui-input at-search-bar__input\\" type=\\"search\\"/><div style=\\"display: none;\\" class=\\"at-search-bar__clear\\"><span style=\\"font-size:15px;color:#999;\\" class=\\"taro-text at-icon at-icon-close-circle\\"></span></div></div><div style=\\"opacity:1;margin-right:0;\\" class=\\"at-search-bar__action\\">取消</div></div>"`;

exports[`AtSearchBar Snap render AtSearchBar -- props value 1`] = `"<div class=\\"at-search-bar\\"><div class=\\"at-search-bar__container\\"><div style=\\"width:28px;\\" class=\\"at-search-bar__placeholder_wrap\\"><span style=\\"font-size:15px;color:#999;\\" class=\\"taro-text at-icon at-icon-search\\"></span><span style=\\"visibility: hidden;\\" class=\\"taro-text at-search-bar__placeholder\\"></span></div><input value=\\"value\\" maxlength=\\"120\\" class=\\"weui-input at-search-bar__input\\" type=\\"search\\"/><div style=\\"display: flex;\\" class=\\"at-search-bar__clear\\"><span style=\\"font-size:15px;color:#999;\\" class=\\"taro-text at-icon at-icon-close-circle\\"></span></div></div><div style=\\"opacity:1;margin-right:0;\\" class=\\"at-search-bar__action\\">取消</div></div>"`;

exports[`AtSearchBar Snap render initial AtSwitch 1`] = `"<div class=\\"at-search-bar\\"><div class=\\"at-search-bar__container\\"><div style=\\"width:100%;\\" class=\\"at-search-bar__placeholder_wrap\\"><span style=\\"font-size:15px;color:#999;\\" class=\\"taro-text at-icon at-icon-search\\"></span><span style=\\"visibility: visible;\\" class=\\"taro-text at-search-bar__placeholder\\"></span></div><input value=\\"\\" maxlength=\\"120\\" class=\\"weui-input at-search-bar__input\\" type=\\"search\\"/><div style=\\"display: none;\\" class=\\"at-search-bar__clear\\"><span style=\\"font-size:15px;color:#999;\\" class=\\"taro-text at-icon at-icon-close-circle\\"></span></div></div><div style=\\"opacity:0;margin-right:-35px;\\" class=\\"at-search-bar__action\\">取消</div></div>"`;
