// Jest Snapshot v1, https://goo.gl/fbAQLP

exports[`AtRange Snap render AtRange -- props className 1`] = `"<div class=\\"at-range test\\"><div class=\\"at-range__container\\"><div class=\\"at-range__rail\\"></div><div style=\\"left:0%;width:0%;\\" class=\\"at-range__track\\"></div><div style=\\"left:0%;\\" class=\\"at-range__slider\\"></div><div style=\\"left:0%;\\" class=\\"at-range__slider\\"></div></div></div>"`;

exports[`AtRange Snap render AtRange -- props customStyle 1`] = `"<div style=\\"color:red;\\" class=\\"at-range\\"><div class=\\"at-range__container\\"><div class=\\"at-range__rail\\"></div><div style=\\"left:0%;width:0%;\\" class=\\"at-range__track\\"></div><div style=\\"left:0%;\\" class=\\"at-range__slider\\"></div><div style=\\"left:0%;\\" class=\\"at-range__slider\\"></div></div></div>"`;

exports[`AtRange Snap render AtRange -- props disabled 1`] = `"<div class=\\"at-range at-range--disabled\\"><div class=\\"at-range__container\\"><div class=\\"at-range__rail\\"></div><div style=\\"left:0%;width:0%;\\" class=\\"at-range__track\\"></div><div style=\\"left:0%;\\" class=\\"at-range__slider\\"></div><div style=\\"left:0%;\\" class=\\"at-range__slider\\"></div></div></div>"`;

exports[`AtRange Snap render AtRange -- props max 1`] = `"<div class=\\"at-range\\"><div class=\\"at-range__container\\"><div class=\\"at-range__rail\\"></div><div style=\\"left:0%;width:0%;\\" class=\\"at-range__track\\"></div><div style=\\"left:0%;\\" class=\\"at-range__slider\\"></div><div style=\\"left:0%;\\" class=\\"at-range__slider\\"></div></div></div>"`;

exports[`AtRange Snap render AtRange -- props min 1`] = `"<div class=\\"at-range\\"><div class=\\"at-range__container\\"><div class=\\"at-range__rail\\"></div><div style=\\"left:0%;width:0%;\\" class=\\"at-range__track\\"></div><div style=\\"left:0%;\\" class=\\"at-range__slider\\"></div><div style=\\"left:0%;\\" class=\\"at-range__slider\\"></div></div></div>"`;

exports[`AtRange Snap render AtRange -- props railStyle 1`] = `"<div class=\\"at-range\\"><div class=\\"at-range__container\\"><div style=\\"color:red;\\" class=\\"at-range__rail\\"></div><div style=\\"left:0%;width:0%;\\" class=\\"at-range__track\\"></div><div style=\\"left:0%;\\" class=\\"at-range__slider\\"></div><div style=\\"left:0%;\\" class=\\"at-range__slider\\"></div></div></div>"`;

exports[`AtRange Snap render AtRange -- props sliderStyle 1`] = `"<div class=\\"at-range\\"><div class=\\"at-range__container\\"><div class=\\"at-range__rail\\"></div><div style=\\"left:0%;width:0%;\\" class=\\"at-range__track\\"></div><div style=\\"left:0%;color:red;\\" class=\\"at-range__slider\\"></div><div style=\\"left:0%;color:red;\\" class=\\"at-range__slider\\"></div></div></div>"`;

exports[`AtRange Snap render AtRange -- props trackStyle 1`] = `"<div class=\\"at-range\\"><div class=\\"at-range__container\\"><div style=\\"color:red;\\" class=\\"at-range__rail\\"></div><div style=\\"left:0%;width:0%;\\" class=\\"at-range__track\\"></div><div style=\\"left:0%;\\" class=\\"at-range__slider\\"></div><div style=\\"left:0%;\\" class=\\"at-range__slider\\"></div></div></div>"`;

exports[`AtRange Snap render AtRange -- props value 1`] = `"<div class=\\"at-range\\"><div class=\\"at-range__container\\"><div class=\\"at-range__rail\\"></div><div style=\\"left:0%;width:0%;\\" class=\\"at-range__track\\"></div><div style=\\"left:0%;\\" class=\\"at-range__slider\\"></div><div style=\\"left:0%;\\" class=\\"at-range__slider\\"></div></div></div>"`;

exports[`AtRange Snap render initial AtRange 1`] = `"<div class=\\"at-range\\"><div class=\\"at-range__container\\"><div class=\\"at-range__rail\\"></div><div style=\\"left:0%;width:0%;\\" class=\\"at-range__track\\"></div><div style=\\"left:0%;\\" class=\\"at-range__slider\\"></div><div style=\\"left:0%;\\" class=\\"at-range__slider\\"></div></div></div>"`;
