// Jest Snapshot v1, https://goo.gl/fbAQLP

exports[`AtTabs Snap render AtTabs -- props className 1`] = `"<div class=\\"at-tabs test\\"><div class=\\"at-tabs__header\\"></div><div style=\\"transform: translate3d(-0%, 0px, 0px);\\" class=\\"at-tabs__body\\"></div></div>"`;

exports[`AtTabs Snap render AtTabs -- props current 1`] = `"<div class=\\"at-tabs\\"><div class=\\"at-tabs__header\\"><div id=\\"tab0\\" class=\\"at-tabs__item\\">标签页1</div><div id=\\"tab1\\" class=\\"at-tabs__item\\">标签页2</div><div id=\\"tab2\\" class=\\"at-tabs__item at-tabs__item--active\\">标签页3</div></div><div style=\\"transform: translate3d(-200%, 0px, 0px);\\" class=\\"at-tabs__body\\"></div></div>"`;

exports[`AtTabs Snap render AtTabs -- props customStyle 1`] = `"<div style=\\"color:red;\\" class=\\"at-tabs\\"><div class=\\"at-tabs__header\\"></div><div style=\\"transform: translate3d(-0%, 0px, 0px);\\" class=\\"at-tabs__body\\"></div></div>"`;

exports[`AtTabs Snap render AtTabs -- props scroll 1`] = `"<div class=\\"at-tabs\\"><div scrollX scrollWithAnimation scrollLeft=\\"0\\" scrollIntoView=\\"\\" class=\\"taro-scroll taro-scroll-view__scroll-x at-tabs__header at-tabs__header--scroll\\"><div id=\\"tab0\\" class=\\"at-tabs__item at-tabs__item--active\\">标签页1</div><div id=\\"tab1\\" class=\\"at-tabs__item\\">标签页2</div><div id=\\"tab2\\" class=\\"at-tabs__item\\">标签页3</div></div><div style=\\"transform: translate3d(-0%, 0px, 0px);\\" class=\\"at-tabs__body\\"></div></div>"`;

exports[`AtTabs Snap render AtTabs -- props swipeable 1`] = `"<div class=\\"at-tabs\\"><div class=\\"at-tabs__header\\"><div id=\\"tab0\\" class=\\"at-tabs__item at-tabs__item--active\\">标签页1</div><div id=\\"tab1\\" class=\\"at-tabs__item\\">标签页2</div><div id=\\"tab2\\" class=\\"at-tabs__item\\">标签页3</div></div><div style=\\"transform: translate3d(-0%, 0px, 0px);\\" class=\\"at-tabs__body\\"></div></div>"`;

exports[`AtTabs Snap render AtTabs -- props tabList 1`] = `"<div class=\\"at-tabs\\"><div class=\\"at-tabs__header\\"><div id=\\"tab0\\" class=\\"at-tabs__item at-tabs__item--active\\">标签页1</div><div id=\\"tab1\\" class=\\"at-tabs__item\\">标签页2</div><div id=\\"tab2\\" class=\\"at-tabs__item\\">标签页3</div></div><div style=\\"transform: translate3d(-0%, 0px, 0px);\\" class=\\"at-tabs__body\\"></div></div>"`;

exports[`AtTabs Snap render initial AtTabs 1`] = `"<div class=\\"at-tabs\\"><div class=\\"at-tabs__header\\"></div><div style=\\"transform: translate3d(-0%, 0px, 0px);\\" class=\\"at-tabs__body\\"></div></div>"`;
