// Jest Snapshot v1, https://goo.gl/fbAQLP

exports[`Progress Snap render Progress -- props color  1`] = `"<div class=\\"at-activity-indicator\\"><div class=\\"at-activity-indicator__body\\"><span style=\\"font-size:24px;color:#FF4949;\\" class=\\"taro-text at-icon at-icon-loading\\"></span></div>undefined</div>"`;

exports[`Progress Snap render Progress -- props isHidePercent 1`] = `"<div class=\\"at-activity-indicator\\"><div class=\\"at-activity-indicator__body\\"><span style=\\"font-size:24px;color:#6190E8;\\" class=\\"taro-text at-icon at-icon-loading\\"></span></div>undefined</div>"`;

exports[`Progress Snap render Progress -- props percent 1`] = `"<div class=\\"at-activity-indicator\\"><div class=\\"at-activity-indicator__body\\"><span style=\\"font-size:24px;color:#6190E8;\\" class=\\"taro-text at-icon at-icon-loading\\"></span></div>undefined</div>"`;

exports[`Progress Snap render Progress -- props status(error)  1`] = `"<div class=\\"at-activity-indicator\\"><div class=\\"at-activity-indicator__body\\"><span style=\\"font-size:24px;color:#6190E8;\\" class=\\"taro-text at-icon at-icon-loading\\"></span></div>undefined</div>"`;

exports[`Progress Snap render Progress -- props status(progress)  1`] = `"<div class=\\"at-activity-indicator\\"><div class=\\"at-activity-indicator__body\\"><span style=\\"font-size:24px;color:#6190E8;\\" class=\\"taro-text at-icon at-icon-loading\\"></span></div>undefined</div>"`;

exports[`Progress Snap render Progress -- props status(success)  1`] = `"<div class=\\"at-activity-indicator\\"><div class=\\"at-activity-indicator__body\\"><span style=\\"font-size:24px;color:#6190E8;\\" class=\\"taro-text at-icon at-icon-loading\\"></span></div>undefined</div>"`;

exports[`Progress Snap render Progress -- props strokeWidth  1`] = `"<div class=\\"at-activity-indicator\\"><div class=\\"at-activity-indicator__body\\"><span style=\\"font-size:24px;color:#6190E8;\\" class=\\"taro-text at-icon at-icon-loading\\"></span></div>undefined</div>"`;

exports[`Progress Snap render initial Progress 1`] = `"<div class=\\"at-activity-indicator\\"><div class=\\"at-activity-indicator__body\\"><span style=\\"font-size:24px;color:#6190E8;\\" class=\\"taro-text at-icon at-icon-loading\\"></span></div>undefined</div>"`;
